---
source: tests/md5-snapshots.rs
expression: output

---
c2d5ae925630fcdc446ac59b3d445860
