---
source: tests/md5-snapshots.rs
expression: output

---
868f71d5d892ccadd45cb108584d4bc8
