---
source: tests/md5-snapshots.rs
expression: output

---
0a09fe7283c09f1cca0d2f2a34b0087a
