---
source: tests/md5-snapshots.rs
expression: output

---
c528ad3aaca6fb4d64468472f1420255
