---
source: tests/md5-snapshots.rs
expression: output

---
13c2389192ba242d16818f025b60263f
