---
source: tests/md5-snapshots.rs
expression: output

---
89dad1382ad2492b692f7bd83cb251ac
