---
source: tests/md5-snapshots.rs
expression: output

---
0b75ddec3b54c7b56040fc306f575168
