---
source: tests/md5-snapshots.rs
expression: output

---
ac008cdd16b14e9043a39ec4e0983981
