---
source: tests/md5-snapshots.rs
expression: output

---
b4845101461acc2d212dd5b2e4e05d2a
