---
source: tests/md5-snapshots.rs
expression: output

---
1b3c89d9e2ba00424c890ee0541af18a
