---
source: tests/md5-snapshots.rs
expression: output

---
c4f17e88c68b9c1983e0f062d0463e7c
