---
source: tests/md5-snapshots.rs
expression: output

---
73b026731bbe2f01be0184f3e705580e
