---
source: tests/md5-snapshots.rs
expression: output

---
35d60144f28023820ab2edd407440caf
