---
source: tests/md5-snapshots.rs
expression: output

---
499dd760fd4e1e0f5772e8c70a1ce925
