---
source: tests/md5-snapshots.rs
expression: output

---
fe17dd580cc14bb1136a02ff9e46d086
