---
source: tests/md5-snapshots.rs
expression: output

---
b82422b7bd1576fda34209a3f57cc172
