---
source: tests/md5-snapshots.rs
expression: output

---
a55fb0cf87249e43824dd73c56541e8d
