---
source: tests/md5-snapshots.rs
expression: output

---
9e372a042cbc7efa778d748f36783090
