---
source: tests/md5-snapshots.rs
expression: output

---
3d49d4753ba19683dfd6becb17d65386
